
<DESCRIBE::>Failing

<IT::>fails

<FAILED::>expected: truthy value<:LF:>     got: false

<COMPLETEDIN::>15.6654

<COMPLETEDIN::>15.9464
