
<DESCRIBE::>Passing

<IT::>passes

<PASSED::>Test Passed

<COMPLETEDIN::>0.8291

<COMPLETEDIN::>1.4522

<DESCRIBE::>Failing

<IT::>fails

<FAILED::>expected: true<:LF:>     got: false<:LF:><:LF:>(compared using ==)<:LF:><:LF:>Diff:<:LF:>@@ -1 +1 @@<:LF:>-true<:LF:>+false

<COMPLETEDIN::>17.6569

<COMPLETEDIN::>17.8807
