
<DESCRIBE::>Group 1

<DESCRIBE::>Group 1.1

<IT::>passes

<PASSED::>Test Passed

<COMPLETEDIN::>0.6725

<COMPLETEDIN::>1.1803

<COMPLETEDIN::>1.3343
