
<DESCRIBE::>Passing

<IT::>passes

<PASSED::>Test Passed

<COMPLETEDIN::>0.9258

<COMPLETEDIN::>1.1349
